// Vitest Snapshot v1, https://vitest.dev/guide/snapshot.html

exports[`korean-account 의 공개 export 1`] = `
[
  "ACCOUNT_KINDS",
  "CONFIDENCE_LEVELS",
  "INSTITUTION_CATEGORIES",
  "SUBJECT_CATEGORIES",
  "accountKindLabels",
  "banks",
  "bnpParibas",
  "boa",
  "bookookSec",
  "busan",
  "capeInv",
  "citi",
  "createDetector",
  "daishin",
  "dbSec",
  "defineBranchRule",
  "defineInstitution",
  "defineSubject",
  "detect",
  "detectBest",
  "deutsche",
  "eugeneInv",
  "extractIdentifier",
  "extractSubject",
  "forest",
  "formatAccount",
  "getInstitution",
  "gwangju",
  "gyeongnam",
  "hana",
  "hanaSec",
  "hanaSecuritiesCma",
  "hanwhaInv",
  "hsbc",
  "hyundaiMotorSec",
  "ibk",
  "imBank",
  "imSec",
  "institutions",
  "jeju",
  "jeonbuk",
  "jpmc",
  "kakao",
  "kakaopaySec",
  "kb",
  "kb11FirstDigit",
  "kbSec",
  "kbank",
  "kbank10First9",
  "kbank14First79",
  "kdb",
  "kfcc",
  "kftc",
  "kis",
  "kiwoom",
  "kyoboSec",
  "lsSec",
  "meritz",
  "miraeAsset",
  "nh",
  "nhCoop",
  "nhInv",
  "nonBanks",
  "normalizeAccount",
  "normalizeSubject",
  "patternTemplate",
  "pickPattern",
  "post",
  "prevalence",
  "samsungSec",
  "savingsBank",
  "sc",
  "scoreToConfidence",
  "searchInstitutions",
  "securities",
  "shinhan",
  "shinhanInv",
  "shinhyup",
  "shinyoungSec",
  "skSec",
  "subjectCategoryLabels",
  "suhyup",
  "suhyup11BranchToCoop",
  "suhyup12BranchToCoop",
  "suhyup14BranchToCoop",
  "suhyupCoop",
  "suhyupCoop12BranchToBank",
  "toss",
  "toss12First1719",
  "woori",
  "wooriInv",
  "yuanta",
]
`;

exports[`korean-account/schema 의 공개 export 1`] = `
[
  "accountKindSchema",
  "accountSchema",
  "detectionSchema",
  "institutionIdSchema",
  "subjectCategorySchema",
]
`;
